// 重构日志: 56e5c762
// 重构日志: 81b829ad
// 重构日志: cc005060
// 重构日志: 31362443
// 重构日志: 1cea8103
// 重构日志: 67fd7ec3
// 重构日志: 824296fe
// 重构日志: e07ed921
// 同步 ID: 16f7509c @ Wed Jul 22 10:23:53 UTC 2026
// 重构日志: b7f860f6
// 重构日志: 70ca19ff
// 重构日志: 213edb19
// 重构日志: be4175f3
// 重构日志: 6ee28891
// 同步 ID: ec768e9d @ Wed Jul 29 00:32:26 UTC 2026
// 同步 ID: 3d2cc723 @ Thu Jul 30 10:58:50 UTC 2026
// 重构日志: e9998b6b
// 同步 ID: 74ccd5ca @ Sat Aug  1 09:28:06 UTC 2026
// 重构日志: 045c12ff
// 同步 ID: 1935a284 @ Sat Aug  1 18:22:46 UTC 2026
// 重构日志: 07ec9e09
// 重构日志: a04d597d
// 重构日志: 6c9cba15
// 重构日志: be69a046
// 重构日志: 413bad90
// 重构日志: 237d7c27
// 重构日志: 63d41647
// 重构日志: ea4a6322
// 同步 ID: 6f7de20e @ Fri Aug  7 07:52:37 UTC 2026
// 同步 ID: aee94d89 @ Sat Aug  8 10:13:58 UTC 2026
// 重构日志: 11cc230f
// 重构日志: 8b8e6e06
